Analysis & Synthesis report for inert_intf_test
Wed Nov 15 10:04:31 2023
Quartus Prime Version 20.1.1 Build 720 11/11/2020 SJ Lite Edition


---------------------
; Table of Contents ;
---------------------
  1. Legal Notice
  2. Analysis & Synthesis Summary
  3. Analysis & Synthesis Settings
  4. Parallel Compilation
  5. Analysis & Synthesis Source Files Read
  6. Analysis & Synthesis Resource Usage Summary
  7. Analysis & Synthesis Resource Utilization by Entity
  8. State Machine - |inert_intf_test|state
  9. State Machine - |inert_intf_test|inert_intf:iINTF|state
 10. State Machine - |inert_intf_test|inert_intf:iINTF|inertial_integrator:iINT|state
 11. State Machine - |inert_intf_test|inert_intf:iINTF|SPI_mnrch:iSPI|state
 12. Registers Removed During Synthesis
 13. Removed Registers Triggering Further Register Optimizations
 14. General Register Statistics
 15. Inverted Register Statistics
 16. Multiplexer Restructuring Statistics (Restructuring Performed)
 17. Parameter Settings for User Entity Instance: inert_intf:iINTF
 18. Parameter Settings for User Entity Instance: inert_intf:iINTF|inertial_integrator:iINT
 19. Port Connectivity Checks: "inert_intf:iINTF|SPI_mnrch:iSPI"
 20. Port Connectivity Checks: "inert_intf:iINTF"
 21. Post-Synthesis Netlist Statistics for Top Partition
 22. Elapsed Time Per Partition
 23. Analysis & Synthesis Messages
 24. Analysis & Synthesis Suppressed Messages



----------------
; Legal Notice ;
----------------
Copyright (C) 2020  Intel Corporation. All rights reserved.
Your use of Intel Corporation's design tools, logic functions 
and other software and tools, and any partner logic 
functions, and any output files from any of the foregoing 
(including device programming or simulation files), and any 
associated documentation or information are expressly subject 
to the terms and conditions of the Intel Program License 
Subscription Agreement, the Intel Quartus Prime License Agreement,
the Intel FPGA IP License Agreement, or other applicable license
agreement, including, without limitation, that your use is for
the sole purpose of programming logic devices manufactured by
Intel and sold by Intel or its authorized distributors.  Please
refer to the applicable agreement for further details, at
https://fpgasoftware.intel.com/eula.



+----------------------------------------------------------------------------------+
; Analysis & Synthesis Summary                                                     ;
+------------------------------------+---------------------------------------------+
; Analysis & Synthesis Status        ; Successful - Wed Nov 15 10:04:31 2023       ;
; Quartus Prime Version              ; 20.1.1 Build 720 11/11/2020 SJ Lite Edition ;
; Revision Name                      ; inert_intf_test                             ;
; Top-level Entity Name              ; inert_intf_test                             ;
; Family                             ; Cyclone IV E                                ;
; Total logic elements               ; 241                                         ;
;     Total combinational functions  ; 182                                         ;
;     Dedicated logic registers      ; 190                                         ;
; Total registers                    ; 190                                         ;
; Total pins                         ; 15                                          ;
; Total virtual pins                 ; 0                                           ;
; Total memory bits                  ; 0                                           ;
; Embedded Multiplier 9-bit elements ; 0                                           ;
; Total PLLs                         ; 0                                           ;
+------------------------------------+---------------------------------------------+


+------------------------------------------------------------------------------------------------------------+
; Analysis & Synthesis Settings                                                                              ;
+------------------------------------------------------------------+--------------------+--------------------+
; Option                                                           ; Setting            ; Default Value      ;
+------------------------------------------------------------------+--------------------+--------------------+
; Device                                                           ; EP4CE22F17C6       ;                    ;
; Top-level entity name                                            ; inert_intf_test    ; inert_intf_test    ;
; Family name                                                      ; Cyclone IV E       ; Cyclone V          ;
; Use smart compilation                                            ; Off                ; Off                ;
; Enable parallel Assembler and Timing Analyzer during compilation ; On                 ; On                 ;
; Enable compact report table                                      ; Off                ; Off                ;
; Restructure Multiplexers                                         ; Auto               ; Auto               ;
; Create Debugging Nodes for IP Cores                              ; Off                ; Off                ;
; Preserve fewer node names                                        ; On                 ; On                 ;
; Intel FPGA IP Evaluation Mode                                    ; Enable             ; Enable             ;
; Verilog Version                                                  ; Verilog_2001       ; Verilog_2001       ;
; VHDL Version                                                     ; VHDL_1993          ; VHDL_1993          ;
; State Machine Processing                                         ; Auto               ; Auto               ;
; Safe State Machine                                               ; Off                ; Off                ;
; Extract Verilog State Machines                                   ; On                 ; On                 ;
; Extract VHDL State Machines                                      ; On                 ; On                 ;
; Ignore Verilog initial constructs                                ; Off                ; Off                ;
; Iteration limit for constant Verilog loops                       ; 5000               ; 5000               ;
; Iteration limit for non-constant Verilog loops                   ; 250                ; 250                ;
; Add Pass-Through Logic to Inferred RAMs                          ; On                 ; On                 ;
; Infer RAMs from Raw Logic                                        ; On                 ; On                 ;
; Parallel Synthesis                                               ; On                 ; On                 ;
; DSP Block Balancing                                              ; Auto               ; Auto               ;
; NOT Gate Push-Back                                               ; On                 ; On                 ;
; Power-Up Don't Care                                              ; On                 ; On                 ;
; Remove Redundant Logic Cells                                     ; Off                ; Off                ;
; Remove Duplicate Registers                                       ; On                 ; On                 ;
; Ignore CARRY Buffers                                             ; Off                ; Off                ;
; Ignore CASCADE Buffers                                           ; Off                ; Off                ;
; Ignore GLOBAL Buffers                                            ; Off                ; Off                ;
; Ignore ROW GLOBAL Buffers                                        ; Off                ; Off                ;
; Ignore LCELL Buffers                                             ; Off                ; Off                ;
; Ignore SOFT Buffers                                              ; On                 ; On                 ;
; Limit AHDL Integers to 32 Bits                                   ; Off                ; Off                ;
; Optimization Technique                                           ; Balanced           ; Balanced           ;
; Carry Chain Length                                               ; 70                 ; 70                 ;
; Auto Carry Chains                                                ; On                 ; On                 ;
; Auto Open-Drain Pins                                             ; On                 ; On                 ;
; Perform WYSIWYG Primitive Resynthesis                            ; Off                ; Off                ;
; Auto ROM Replacement                                             ; On                 ; On                 ;
; Auto RAM Replacement                                             ; On                 ; On                 ;
; Auto DSP Block Replacement                                       ; On                 ; On                 ;
; Auto Shift Register Replacement                                  ; Auto               ; Auto               ;
; Allow Shift Register Merging across Hierarchies                  ; Auto               ; Auto               ;
; Auto Clock Enable Replacement                                    ; On                 ; On                 ;
; Strict RAM Replacement                                           ; Off                ; Off                ;
; Allow Synchronous Control Signals                                ; On                 ; On                 ;
; Force Use of Synchronous Clear Signals                           ; Off                ; Off                ;
; Auto RAM Block Balancing                                         ; On                 ; On                 ;
; Auto RAM to Logic Cell Conversion                                ; Off                ; Off                ;
; Auto Resource Sharing                                            ; Off                ; Off                ;
; Allow Any RAM Size For Recognition                               ; Off                ; Off                ;
; Allow Any ROM Size For Recognition                               ; Off                ; Off                ;
; Allow Any Shift Register Size For Recognition                    ; Off                ; Off                ;
; Use LogicLock Constraints during Resource Balancing              ; On                 ; On                 ;
; Ignore translate_off and synthesis_off directives                ; Off                ; Off                ;
; Timing-Driven Synthesis                                          ; On                 ; On                 ;
; Report Parameter Settings                                        ; On                 ; On                 ;
; Report Source Assignments                                        ; On                 ; On                 ;
; Report Connectivity Checks                                       ; On                 ; On                 ;
; Ignore Maximum Fan-Out Assignments                               ; Off                ; Off                ;
; Synchronization Register Chain Length                            ; 2                  ; 2                  ;
; Power Optimization During Synthesis                              ; Normal compilation ; Normal compilation ;
; HDL message level                                                ; Level2             ; Level2             ;
; Suppress Register Optimization Related Messages                  ; Off                ; Off                ;
; Number of Removed Registers Reported in Synthesis Report         ; 5000               ; 5000               ;
; Number of Swept Nodes Reported in Synthesis Report               ; 5000               ; 5000               ;
; Number of Inverted Registers Reported in Synthesis Report        ; 100                ; 100                ;
; Clock MUX Protection                                             ; On                 ; On                 ;
; Auto Gated Clock Conversion                                      ; Off                ; Off                ;
; Block Design Naming                                              ; Auto               ; Auto               ;
; SDC constraint protection                                        ; Off                ; Off                ;
; Synthesis Effort                                                 ; Auto               ; Auto               ;
; Shift Register Replacement - Allow Asynchronous Clear Signal     ; On                 ; On                 ;
; Pre-Mapping Resynthesis Optimization                             ; Off                ; Off                ;
; Analysis & Synthesis Message Level                               ; Medium             ; Medium             ;
; Disable Register Merging Across Hierarchies                      ; Auto               ; Auto               ;
; Resource Aware Inference For Block RAM                           ; On                 ; On                 ;
+------------------------------------------------------------------+--------------------+--------------------+


+------------------------------------------+
; Parallel Compilation                     ;
+----------------------------+-------------+
; Processors                 ; Number      ;
+----------------------------+-------------+
; Number detected on machine ; 16          ;
; Maximum allowed            ; 12          ;
;                            ;             ;
; Average used               ; 1.00        ;
; Maximum used               ; 12          ;
;                            ;             ;
; Usage by Processor         ; % Time Used ;
;     Processor 1            ; 100.0%      ;
;     Processors 2-12        ;   0.0%      ;
+----------------------------+-------------+


+----------------------------------------------------------------------------------------------------------------------------------------------+
; Analysis & Synthesis Source Files Read                                                                                                       ;
+----------------------------------+-----------------+------------------------------+------------------------------------------------+---------+
; File Name with User-Entered Path ; Used in Netlist ; File Type                    ; File Name with Absolute Path                   ; Library ;
+----------------------------------+-----------------+------------------------------+------------------------------------------------+---------+
; reset_synch.sv                   ; yes             ; User SystemVerilog HDL File  ; C:/ECE551/Exercise/Ex20/reset_synch.sv         ;         ;
; SPI_mnrch.sv                     ; yes             ; User SystemVerilog HDL File  ; C:/ECE551/Exercise/Ex20/SPI_mnrch.sv           ;         ;
; inertial_integrator.sv           ; yes             ; User SystemVerilog HDL File  ; C:/ECE551/Exercise/Ex20/inertial_integrator.sv ;         ;
; inert_intf_test.sv               ; yes             ; User SystemVerilog HDL File  ; C:/ECE551/Exercise/Ex20/inert_intf_test.sv     ;         ;
; inert_intf.sv                    ; yes             ; User SystemVerilog HDL File  ; C:/ECE551/Exercise/Ex20/inert_intf.sv          ;         ;
+----------------------------------+-----------------+------------------------------+------------------------------------------------+---------+


+---------------------------------------------------------+
; Analysis & Synthesis Resource Usage Summary             ;
+---------------------------------------------+-----------+
; Resource                                    ; Usage     ;
+---------------------------------------------+-----------+
; Estimated Total logic elements              ; 241       ;
;                                             ;           ;
; Total combinational functions               ; 182       ;
; Logic element usage by number of LUT inputs ;           ;
;     -- 4 input functions                    ; 49        ;
;     -- 3 input functions                    ; 57        ;
;     -- <=2 input functions                  ; 76        ;
;                                             ;           ;
; Logic elements by mode                      ;           ;
;     -- normal mode                          ; 97        ;
;     -- arithmetic mode                      ; 85        ;
;                                             ;           ;
; Total registers                             ; 190       ;
;     -- Dedicated logic registers            ; 190       ;
;     -- I/O registers                        ; 0         ;
;                                             ;           ;
; I/O pins                                    ; 15        ;
;                                             ;           ;
; Embedded Multiplier 9-bit elements          ; 0         ;
;                                             ;           ;
; Maximum fan-out node                        ; clk~input ;
; Maximum fan-out                             ; 190       ;
; Total fan-out                               ; 1213      ;
; Average fan-out                             ; 3.02      ;
+---------------------------------------------+-----------+


+---------------------------------------------------------------------------------------------------------------------------------------------------------------------------------------------------------------------------------------------------------------+
; Analysis & Synthesis Resource Utilization by Entity                                                                                                                                                                                                           ;
+----------------------------------+---------------------+---------------------------+-------------+--------------+---------+-----------+------+--------------+------------------------------------------------------------+---------------------+--------------+
; Compilation Hierarchy Node       ; Combinational ALUTs ; Dedicated Logic Registers ; Memory Bits ; DSP Elements ; DSP 9x9 ; DSP 18x18 ; Pins ; Virtual Pins ; Full Hierarchy Name                                        ; Entity Name         ; Library Name ;
+----------------------------------+---------------------+---------------------------+-------------+--------------+---------+-----------+------+--------------+------------------------------------------------------------+---------------------+--------------+
; |inert_intf_test                 ; 182 (34)            ; 190 (19)                  ; 0           ; 0            ; 0       ; 0         ; 15   ; 0            ; |inert_intf_test                                           ; inert_intf_test     ; work         ;
;    |inert_intf:iINTF|            ; 147 (34)            ; 169 (41)                  ; 0           ; 0            ; 0       ; 0         ; 0    ; 0            ; |inert_intf_test|inert_intf:iINTF                          ; inert_intf          ; work         ;
;       |SPI_mnrch:iSPI|           ; 44 (44)             ; 32 (32)                   ; 0           ; 0            ; 0       ; 0         ; 0    ; 0            ; |inert_intf_test|inert_intf:iINTF|SPI_mnrch:iSPI           ; SPI_mnrch           ; work         ;
;       |inertial_integrator:iINT| ; 69 (69)             ; 96 (96)                   ; 0           ; 0            ; 0       ; 0         ; 0    ; 0            ; |inert_intf_test|inert_intf:iINTF|inertial_integrator:iINT ; inertial_integrator ; work         ;
;    |reset_synch:comb_3|          ; 1 (1)               ; 2 (2)                     ; 0           ; 0            ; 0       ; 0         ; 0    ; 0            ; |inert_intf_test|reset_synch:comb_3                        ; reset_synch         ; work         ;
+----------------------------------+---------------------+---------------------------+-------------+--------------+---------+-----------+------+--------------+------------------------------------------------------------+---------------------+--------------+
Note: For table entries with two numbers listed, the numbers in parentheses indicate the number of resources of the given type used by the specific entity alone. The numbers listed outside of parentheses indicate the total resources of the given type used by the specific entity and all of its sub-entities in the hierarchy.


Encoding Type:  One-Hot
+--------------------------------------------------+
; State Machine - |inert_intf_test|state           ;
+------------+------------+-----------+------------+
; Name       ; state.IDLE ; state.CAL ; state.DISP ;
+------------+------------+-----------+------------+
; state.IDLE ; 0          ; 0         ; 0          ;
; state.DISP ; 1          ; 0         ; 1          ;
; state.CAL  ; 1          ; 1         ; 0          ;
+------------+------------+-----------+------------+


Encoding Type:  One-Hot
+------------------------------------------------------------------------------------------------+
; State Machine - |inert_intf_test|inert_intf:iINTF|state                                        ;
+-------------+------------+-------------+-------------+-------------+-------------+-------------+
; Name        ; state.WAIT ; state.READH ; state.READL ; state.INIT3 ; state.INIT2 ; state.INIT1 ;
+-------------+------------+-------------+-------------+-------------+-------------+-------------+
; state.INIT1 ; 0          ; 0           ; 0           ; 0           ; 0           ; 0           ;
; state.INIT2 ; 0          ; 0           ; 0           ; 0           ; 1           ; 1           ;
; state.INIT3 ; 0          ; 0           ; 0           ; 1           ; 0           ; 1           ;
; state.READL ; 0          ; 0           ; 1           ; 0           ; 0           ; 1           ;
; state.READH ; 0          ; 1           ; 0           ; 0           ; 0           ; 1           ;
; state.WAIT  ; 1          ; 0           ; 0           ; 0           ; 0           ; 1           ;
+-------------+------------+-------------+-------------+-------------+-------------+-------------+


Encoding Type:  One-Hot
+----------------------------------------------------------------------------------+
; State Machine - |inert_intf_test|inert_intf:iINTF|inertial_integrator:iINT|state ;
+-------------------+------------+---------------+---------------------------------+
; Name              ; state.IDLE ; state.RUNNING ; state.CALIBRATING               ;
+-------------------+------------+---------------+---------------------------------+
; state.IDLE        ; 0          ; 0             ; 0                               ;
; state.CALIBRATING ; 1          ; 0             ; 1                               ;
; state.RUNNING     ; 1          ; 1             ; 0                               ;
+-------------------+------------+---------------+---------------------------------+


Encoding Type:  One-Hot
+-------------------------------------------------------------------------------+
; State Machine - |inert_intf_test|inert_intf:iINTF|SPI_mnrch:iSPI|state        ;
+-----------------+-----------------+------------+-----------------+------------+
; Name            ; state.BACK_PRCH ; state.BITS ; state.FWRD_PRCH ; state.IDLE ;
+-----------------+-----------------+------------+-----------------+------------+
; state.IDLE      ; 0               ; 0          ; 0               ; 0          ;
; state.FWRD_PRCH ; 0               ; 0          ; 1               ; 1          ;
; state.BITS      ; 0               ; 1          ; 0               ; 1          ;
; state.BACK_PRCH ; 1               ; 0          ; 0               ; 1          ;
+-----------------+-----------------+------------+-----------------+------------+


+-----------------------------------------------------------------------------------------------+
; Registers Removed During Synthesis                                                            ;
+------------------------------------------------------+----------------------------------------+
; Register name                                        ; Reason for Removal                     ;
+------------------------------------------------------+----------------------------------------+
; inert_intf:iINTF|inertial_integrator:iINT|yaw_int[0] ; Stuck at GND due to stuck port data_in ;
; inert_intf:iINTF|inertial_integrator:iINT|yaw_off[0] ; Stuck at GND due to stuck port data_in ;
; inert_intf:iINTF|inertial_integrator:iINT|yaw_int[1] ; Stuck at GND due to stuck port data_in ;
; inert_intf:iINTF|inertial_integrator:iINT|yaw_off[1] ; Stuck at GND due to stuck port data_in ;
; inert_intf:iINTF|state~4                             ; Lost fanout                            ;
; inert_intf:iINTF|state~5                             ; Lost fanout                            ;
; inert_intf:iINTF|state~6                             ; Lost fanout                            ;
; inert_intf:iINTF|SPI_mnrch:iSPI|state~4              ; Lost fanout                            ;
; inert_intf:iINTF|SPI_mnrch:iSPI|state~5              ; Lost fanout                            ;
; state.DISP                                           ; Lost fanout                            ;
; inert_intf:iINTF|inertial_integrator:iINT|state.IDLE ; Lost fanout                            ;
; Total Number of Removed Registers = 11               ;                                        ;
+------------------------------------------------------+----------------------------------------+


+-----------------------------------------------------------------------------------------------------------------------------------------+
; Removed Registers Triggering Further Register Optimizations                                                                             ;
+------------------------------------------------------+---------------------------+------------------------------------------------------+
; Register name                                        ; Reason for Removal        ; Registers Removed due to This Register               ;
+------------------------------------------------------+---------------------------+------------------------------------------------------+
; inert_intf:iINTF|inertial_integrator:iINT|yaw_int[0] ; Stuck at GND              ; inert_intf:iINTF|inertial_integrator:iINT|yaw_off[0] ;
;                                                      ; due to stuck port data_in ;                                                      ;
; inert_intf:iINTF|inertial_integrator:iINT|yaw_int[1] ; Stuck at GND              ; inert_intf:iINTF|inertial_integrator:iINT|yaw_off[1] ;
;                                                      ; due to stuck port data_in ;                                                      ;
+------------------------------------------------------+---------------------------+------------------------------------------------------+


+------------------------------------------------------+
; General Register Statistics                          ;
+----------------------------------------------+-------+
; Statistic                                    ; Value ;
+----------------------------------------------+-------+
; Total registers                              ; 190   ;
; Number of registers using Synchronous Clear  ; 54    ;
; Number of registers using Synchronous Load   ; 22    ;
; Number of registers using Asynchronous Clear ; 90    ;
; Number of registers using Asynchronous Load  ; 0     ;
; Number of registers using Clock Enable       ; 111   ;
; Number of registers using Preset             ; 0     ;
+----------------------------------------------+-------+


+--------------------------------------------------+
; Inverted Register Statistics                     ;
+----------------------------------------+---------+
; Inverted Register                      ; Fan out ;
+----------------------------------------+---------+
; inert_intf:iINTF|SPI_mnrch:iSPI|SS_n   ; 2       ;
; Total number of inverted registers = 1 ;         ;
+----------------------------------------+---------+


+----------------------------------------------------------------------------------------------------------------------------------------------------------------------------------------+
; Multiplexer Restructuring Statistics (Restructuring Performed)                                                                                                                         ;
+--------------------+-----------+---------------+----------------------+------------------------+------------+--------------------------------------------------------------------------+
; Multiplexer Inputs ; Bus Width ; Baseline Area ; Area if Restructured ; Saving if Restructured ; Registered ; Example Multiplexer Output                                               ;
+--------------------+-----------+---------------+----------------------+------------------------+------------+--------------------------------------------------------------------------+
; 3:1                ; 4 bits    ; 8 LEs         ; 4 LEs                ; 4 LEs                  ; Yes        ; |inert_intf_test|inert_intf:iINTF|SPI_mnrch:iSPI|bit_cntr[3]             ;
; 3:1                ; 25 bits   ; 50 LEs        ; 25 LEs               ; 25 LEs                 ; Yes        ; |inert_intf_test|inert_intf:iINTF|inertial_integrator:iINT|yaw_int[2]    ;
; 3:1                ; 12 bits   ; 24 LEs        ; 12 LEs               ; 12 LEs                 ; Yes        ; |inert_intf_test|inert_intf:iINTF|inertial_integrator:iINT|smpl_cntr[11] ;
; 3:1                ; 6 bits    ; 12 LEs        ; 6 LEs                ; 6 LEs                  ; Yes        ; |inert_intf_test|inert_intf:iINTF|SPI_mnrch:iSPI|shft_reg[7]             ;
; 3:1                ; 9 bits    ; 18 LEs        ; 9 LEs                ; 9 LEs                  ; Yes        ; |inert_intf_test|inert_intf:iINTF|SPI_mnrch:iSPI|shft_reg[13]            ;
; 5:1                ; 3 bits    ; 9 LEs         ; 6 LEs                ; 3 LEs                  ; No         ; |inert_intf_test|Selector0                                               ;
; 6:1                ; 2 bits    ; 8 LEs         ; 4 LEs                ; 4 LEs                  ; No         ; |inert_intf_test|inert_intf:iINTF|SPI_mnrch:iSPI|Selector3               ;
; 8:1                ; 2 bits    ; 10 LEs        ; 4 LEs                ; 6 LEs                  ; No         ; |inert_intf_test|inert_intf:iINTF|SPI_mnrch:iSPI|Selector0               ;
; 6:1                ; 3 bits    ; 12 LEs        ; 6 LEs                ; 6 LEs                  ; No         ; |inert_intf_test|inert_intf:iINTF|Selector9                              ;
+--------------------+-----------+---------------+----------------------+------------------------+------------+--------------------------------------------------------------------------+


+---------------------------------------------------------------+
; Parameter Settings for User Entity Instance: inert_intf:iINTF ;
+----------------+-------+--------------------------------------+
; Parameter Name ; Value ; Type                                 ;
+----------------+-------+--------------------------------------+
; FAST_SIM       ; 1     ; Signed Integer                       ;
+----------------+-------+--------------------------------------+
Note: In order to hide this table in the UI and the text report file, please set the "Show Parameter Settings in Synthesis Report" option in "Analysis and Synthesis Settings -> More Settings" to "Off".


+----------------------------------------------------------------------------------------+
; Parameter Settings for User Entity Instance: inert_intf:iINTF|inertial_integrator:iINT ;
+----------------+-------+---------------------------------------------------------------+
; Parameter Name ; Value ; Type                                                          ;
+----------------+-------+---------------------------------------------------------------+
; FAST_SIM       ; 1     ; Signed Integer                                                ;
+----------------+-------+---------------------------------------------------------------+
Note: In order to hide this table in the UI and the text report file, please set the "Show Parameter Settings in Synthesis Report" option in "Analysis and Synthesis Settings -> More Settings" to "Off".


+------------------------------------------------------------------------------------------------------------------------+
; Port Connectivity Checks: "inert_intf:iINTF|SPI_mnrch:iSPI"                                                            ;
+--------------+--------+----------+-------------------------------------------------------------------------------------+
; Port         ; Type   ; Severity ; Details                                                                             ;
+--------------+--------+----------+-------------------------------------------------------------------------------------+
; rspns[15..8] ; Output ; Info     ; Connected to dangling logic. Logic that only feeds a dangling port will be removed. ;
; cmd[4..2]    ; Input  ; Info     ; Stuck at GND                                                                        ;
; cmd[14]      ; Input  ; Info     ; Stuck at GND                                                                        ;
; cmd[7]       ; Input  ; Info     ; Stuck at GND                                                                        ;
; cmd[0]       ; Input  ; Info     ; Stuck at GND                                                                        ;
+--------------+--------+----------+-------------------------------------------------------------------------------------+


+-------------------------------------------------------------------------------------------------------------------------------------------------------------------------------------------------------------+
; Port Connectivity Checks: "inert_intf:iINTF"                                                                                                                                                                ;
+---------------+--------+----------+-------------------------------------------------------------------------------------------------------------------------------------------------------------------------+
; Port          ; Type   ; Severity ; Details                                                                                                                                                                 ;
+---------------+--------+----------+-------------------------------------------------------------------------------------------------------------------------------------------------------------------------+
; heading       ; Output ; Warning  ; Output or bidir port (12 bits) is smaller than the port expression (13 bits) it drives.  The 1 most-significant bit(s) in the port expression will be connected to GND. ;
; heading[3..0] ; Output ; Info     ; Connected to dangling logic. Logic that only feeds a dangling port will be removed.                                                                                     ;
; rdy           ; Output ; Info     ; Connected to dangling logic. Logic that only feeds a dangling port will be removed.                                                                                     ;
; IR_Dtrm       ; Input  ; Info     ; Stuck at GND                                                                                                                                                            ;
; moving        ; Input  ; Info     ; Stuck at VCC                                                                                                                                                            ;
; en_fusion     ; Input  ; Info     ; Stuck at GND                                                                                                                                                            ;
+---------------+--------+----------+-------------------------------------------------------------------------------------------------------------------------------------------------------------------------+


+-----------------------------------------------------+
; Post-Synthesis Netlist Statistics for Top Partition ;
+-----------------------+-----------------------------+
; Type                  ; Count                       ;
+-----------------------+-----------------------------+
; boundary_port         ; 15                          ;
; cycloneiii_ff         ; 190                         ;
;     CLR               ; 34                          ;
;     ENA               ; 55                          ;
;     ENA CLR           ; 19                          ;
;     ENA CLR SCLR      ; 37                          ;
;     SCLR              ; 17                          ;
;     SLD               ; 22                          ;
;     plain             ; 6                           ;
; cycloneiii_lcell_comb ; 183                         ;
;     arith             ; 85                          ;
;         2 data inputs ; 45                          ;
;         3 data inputs ; 40                          ;
;     normal            ; 98                          ;
;         0 data inputs ; 1                           ;
;         1 data inputs ; 6                           ;
;         2 data inputs ; 25                          ;
;         3 data inputs ; 17                          ;
;         4 data inputs ; 49                          ;
;                       ;                             ;
; Max LUT depth         ; 4.00                        ;
; Average LUT depth     ; 2.35                        ;
+-----------------------+-----------------------------+


+-------------------------------+
; Elapsed Time Per Partition    ;
+----------------+--------------+
; Partition Name ; Elapsed Time ;
+----------------+--------------+
; Top            ; 00:00:00     ;
+----------------+--------------+


+-------------------------------+
; Analysis & Synthesis Messages ;
+-------------------------------+
Info: *******************************************************************
Info: Running Quartus Prime Analysis & Synthesis
    Info: Version 20.1.1 Build 720 11/11/2020 SJ Lite Edition
    Info: Processing started: Wed Nov 15 10:04:25 2023
Info: Command: quartus_map --read_settings_files=on --write_settings_files=off inert_intf_test -c inert_intf_test
Warning (18236): Number of processors has not been specified which may cause overloading on shared machines.  Set the global assignment NUM_PARALLEL_PROCESSORS in your QSF to an appropriate value for best performance.
Info (20030): Parallel compilation is enabled and will use 12 of the 12 processors detected
Info (12021): Found 1 design units, including 1 entities, in source file spi_inemo2.sv
    Info (12023): Found entity 1: SPI_iNEMO2 File: C:/ECE551/Exercise/Ex20/SPI_iNEMO2.sv Line: 1
Info (12021): Found 1 design units, including 1 entities, in source file reset_synch.sv
    Info (12023): Found entity 1: reset_synch File: C:/ECE551/Exercise/Ex20/reset_synch.sv Line: 1
Warning (12019): Can't analyze file -- file inert_inft_test.sv is missing
Info (12021): Found 1 design units, including 1 entities, in source file spi_mnrch.sv
    Info (12023): Found entity 1: SPI_mnrch File: C:/ECE551/Exercise/Ex20/SPI_mnrch.sv Line: 1
Warning (12019): Can't analyze file -- file reset_synch.v is missing
Info (12021): Found 1 design units, including 1 entities, in source file inertial_integrator.sv
    Info (12023): Found entity 1: inertial_integrator File: C:/ECE551/Exercise/Ex20/inertial_integrator.sv Line: 1
Info (12021): Found 1 design units, including 1 entities, in source file inert_intf_test.sv
    Info (12023): Found entity 1: inert_intf_test File: C:/ECE551/Exercise/Ex20/inert_intf_test.sv Line: 1
Info (12021): Found 1 design units, including 1 entities, in source file inert_intf.sv
    Info (12023): Found entity 1: inert_intf File: C:/ECE551/Exercise/Ex20/inert_intf.sv Line: 7
Critical Warning (10846): Verilog HDL Instantiation warning at inert_intf_test.sv(20): instance has no name File: C:/ECE551/Exercise/Ex20/inert_intf_test.sv Line: 20
Info (12127): Elaborating entity "inert_intf_test" for the top level hierarchy
Info (10264): Verilog HDL Case Statement information at inert_intf_test.sv(31): all case item expressions in this case statement are onehot File: C:/ECE551/Exercise/Ex20/inert_intf_test.sv Line: 31
Info (12128): Elaborating entity "reset_synch" for hierarchy "reset_synch:comb_3" File: C:/ECE551/Exercise/Ex20/inert_intf_test.sv Line: 20
Info (12128): Elaborating entity "inert_intf" for hierarchy "inert_intf:iINTF" File: C:/ECE551/Exercise/Ex20/inert_intf_test.sv Line: 22
Info (10264): Verilog HDL Case Statement information at inert_intf.sv(78): all case item expressions in this case statement are onehot File: C:/ECE551/Exercise/Ex20/inert_intf.sv Line: 78
Info (12128): Elaborating entity "SPI_mnrch" for hierarchy "inert_intf:iINTF|SPI_mnrch:iSPI" File: C:/ECE551/Exercise/Ex20/inert_intf.sv Line: 59
Info (12128): Elaborating entity "inertial_integrator" for hierarchy "inert_intf:iINTF|inertial_integrator:iINT" File: C:/ECE551/Exercise/Ex20/inert_intf.sv Line: 67
Info (10264): Verilog HDL Case Statement information at inertial_integrator.sv(76): all case item expressions in this case statement are onehot File: C:/ECE551/Exercise/Ex20/inertial_integrator.sv Line: 76
Warning (10230): Verilog HDL assignment warning at inertial_integrator.sv(143): truncated value with size 32 to match size of target (12) File: C:/ECE551/Exercise/Ex20/inertial_integrator.sv Line: 143
Warning (10230): Verilog HDL assignment warning at inertial_integrator.sv(205): truncated value with size 22 to match size of target (19) File: C:/ECE551/Exercise/Ex20/inertial_integrator.sv Line: 205
Warning (12241): 1 hierarchies have connectivity warnings - see the Connectivity Checks report folder
Info (13000): Registers with preset signals will power-up high File: C:/ECE551/Exercise/Ex20/SPI_mnrch.sv Line: 3
Info (13003): DEV_CLRn pin will set, and not reset, register with preset signal due to NOT Gate Push-Back
Info (286030): Timing-Driven Synthesis is running
Info (17049): 7 registers lost all their fanouts during netlist optimizations.
Info (144001): Generated suppressed messages file C:/ECE551/Exercise/Ex20/inert_intf_test.map.smsg
Info (16010): Generating hard_block partition "hard_block:auto_generated_inst"
    Info (16011): Adding 0 node(s), including 0 DDIO, 0 PLL, 0 transceiver and 0 LCELL
Info (21057): Implemented 257 device resources after synthesis - the final resource count might be different
    Info (21058): Implemented 4 input pins
    Info (21059): Implemented 11 output pins
    Info (21061): Implemented 242 logic cells
Info: Quartus Prime Analysis & Synthesis was successful. 0 errors, 7 warnings
    Info: Peak virtual memory: 4827 megabytes
    Info: Processing ended: Wed Nov 15 10:04:31 2023
    Info: Elapsed time: 00:00:06
    Info: Total CPU time (on all processors): 00:00:03


+------------------------------------------+
; Analysis & Synthesis Suppressed Messages ;
+------------------------------------------+
The suppressed messages can be found in C:/ECE551/Exercise/Ex20/inert_intf_test.map.smsg.


